// Jest Snapshot v1, https://goo.gl/fbAQLP

exports[`matches snapshot with default properties 1`] = `
<DocumentFragment>
  <div
    class="Todo"
  >
    <div>
      <b>
        testTitle
      </b>
       
      <small>
        (priority:1)
      </small>
    </div>
    <div>
      <small>
        testDesc
      </small>
    </div>
  </div>
</DocumentFragment>
`;
